Microchip MPLAB XC8 Compiler V2.36

Linker command line:

-W-3 --edf=C:\Program Files\Microchip\xc8\v2.36\pic\dat\en_msgs.txt -cn \
  -h+dist/default/production\Seguridad_Box.X.production.sym \
  --cmf=dist/default/production\Seguridad_Box.X.production.cmf -z -Q16F887 \
  -oD:\TEMP\xcAsa44.4 --defsym=__MPLAB_BUILD=1 \
  -Mdist/default/production/Seguridad_Box.X.production.map \
  --md=D:\TEMP\xcAsa44.dat -E1 -ver=XC8 Compiler --acfsm=1493 \
  -ACODE=00h-07FFhx4 -ASTRCODE=00h-01FFFh -ASTRING=00h-0FFhx32 \
  -ACONST=00h-0FFhx32 -AENTRY=00h-0FFhx32 -ACOMMON=070h-07Fh \
  -ABANK0=020h-06Fh -ABANK1=0A0h-0EFh -ABANK2=0110h-016Fh \
  -ABANK3=0190h-01EFh -ARAM=020h-06Fh,0A0h-0EFh,0110h-016Fh,0190h-01EFh \
  -AABS1=020h-07Fh,0A0h-0EFh,0110h-016Fh,0190h-01EFh -ASFR0=00h-01Fh \
  -ASFR1=080h-09Fh -ASFR2=0100h-010Fh -ASFR3=0180h-018Fh \
  -ACONFIG=02007h-02008h -DCONFIG=2 -AIDLOC=02000h-02003h -DIDLOC=2 \
  -AEEDATA=00h-0FFh/02100h -peeprom_data=EEDATA -DEEDATA=2 -DCODE=2 \
  -DSTRCODE=2 -DSTRING=2 -DCONST=2 -DENTRY=2 \
  -preset_vec=00h,intentry,init,end_init -ppowerup=CODE -pcinit=CODE \
  -pfunctab=ENTRY -k D:\TEMP\xcAsa44.o \
  dist/default/production\Seguridad_Box.X.production.o 

Object code version is 3.11

Machine type is 16F887



                Name                               Link     Load   Length Selector   Space Scale
D:\TEMP\xcAsa44.o
                end_init                              0        0        3        0       0
                config                             2007     2007        2        0       4
dist/default/production\Seguridad_Box.X.production.o
                cinit                               7DC      7DC       24      FB8       0
                config                             2007     2007        2        0       4
                text32                              801      801        C     1002       0
                text31                             1357     1357       36     26AE       0
                text30                             12D2     12D2       2A     25A4       0
                text29                             1209     1209        4     2412       0
                text28                             1264     1264       21     24C8       0
                text27                             1224     1224       10     2448       0
                text26                             138D     138D       36     271A       0
                text25                             1285     1285       26     250A       0
                text24                             12FC     12FC       2A     25F8       0
                text23                               16       16      1DD       2C       0
                text22                             158E     158E       7C     2B1C       0
                text21                             16A4     16A4       A2     2D48       0
                text20                             1746     1746       BA     2E8C       0
                text19                              1F3      1F3      288      3E6       0
                text18                             12AB     12AB       27     2556       0
                text17                              47B      47B      361      8F6       0
                text16                              88D      88D       DA     111A       0
                text15                             1487     1487       4E     290E       0
                text14                             14D5     14D5       5C     29AA       0
                text13                              C4A      C4A      14C     1894       0
                text12                             13FD     13FD       44     27FA       0
                text11                             13C3     13C3       3A     2786       0
                text10                              A48      A48      100     1490       0
                text9                               D96      D96      26A     1B2C       0
                text8                              1244     1244       20     2488       0
                text7                               B48      B48      102     1690       0
                text6                              1441     1441       46     2882       0
                text5                               967      967       E1     12CE       0
                text4                              1531     1531       5D     2A62       0
                text3                              1326     1326       31     264C       0
                text2                               80D      80D       80     101A       0
                text1                              1215     1215        F     242A       0
                maintext                           160A     160A       9A     2C14       0
                cstackBANK0                          20       20       4E       20       1
                cstackCOMMON                         70       70        E       70       1
                cstackBANK1                          A0       A0       3D       A0       1
                clrtext                            120D     120D        8     241A       0
                inittext                              3        3       13        0       0
                dataBANK3                           1B8      1B8       10      190       1
                bssBANK3                            190      190       28      190       1
                bssBANK1                             DD       DD       10       A0       1
                bssBANK0                             6E       6E        1       20       1
                strings                            1000     1000       BD     2000       0
                idataBANK3                         1234     1234       10     2468       0

TOTAL           Name                               Link     Load   Length     Space
        CLASS   CODE           
                end_init                              0        0        3         0
                cinit                               7DC      7DC       24         0
                text32                              801      801        C         0
                text31                             1357     1357       36         0
                text30                             12D2     12D2       2A         0
                text29                             1209     1209        4         0
                text28                             1264     1264       21         0
                text27                             1224     1224       10         0
                text26                             138D     138D       36         0
                text25                             1285     1285       26         0
                text24                             12FC     12FC       2A         0
                text23                               16       16      1DD         0
                text22                             158E     158E       7C         0
                text21                             16A4     16A4       A2         0
                text20                             1746     1746       BA         0
                text19                              1F3      1F3      288         0
                text18                             12AB     12AB       27         0
                text17                              47B      47B      361         0
                text16                              88D      88D       DA         0
                text15                             1487     1487       4E         0
                text14                             14D5     14D5       5C         0
                text13                              C4A      C4A      14C         0
                text12                             13FD     13FD       44         0
                text11                             13C3     13C3       3A         0
                text10                              A48      A48      100         0
                text9                               D96      D96      26A         0
                text8                              1244     1244       20         0
                text7                               B48      B48      102         0
                text6                              1441     1441       46         0
                text5                               967      967       E1         0
                text4                              1531     1531       5D         0
                text3                              1326     1326       31         0
                text2                               80D      80D       80         0
                text1                              1215     1215        F         0
                maintext                           160A     160A       9A         0
                clrtext                            120D     120D        8         0
                inittext                              3        3       13         0
                idataBANK3                         1234     1234       10         0

        CLASS   STRCODE        

        CLASS   STRING         
                strings                            1000     1000       BD         0

        CLASS   CONST          

        CLASS   ENTRY          

        CLASS   COMMON         
                cstackCOMMON                         70       70        E         1

        CLASS   BANK0          
                cstackBANK0                          20       20       4E         1
                bssBANK0                             6E       6E        1         1

        CLASS   BANK1          
                cstackBANK1                          A0       A0       3D         1
                bssBANK1                             DD       DD       10         1

        CLASS   BANK2          

        CLASS   BANK3          
                dataBANK3                           1B8      1B8       10         1
                bssBANK3                            190      190       28         1

        CLASS   RAM            

        CLASS   ABS1           
                abs_s1                               7E       7E        2         1

        CLASS   SFR0           

        CLASS   SFR1           

        CLASS   SFR2           

        CLASS   SFR3           

        CLASS   CONFIG         
                config                             2007     2007        2         4

        CLASS   IDLOC          

        CLASS   EEDATA         

        CLASS   STACK          



SEGMENTS        Name                           Load    Length   Top    Selector   Space  Class     Delta

                reset_vec                      000000  000016  000016         0       0  CODE        2
                cstackBANK0                    000020  00004F  00006F        20       1  BANK0       1
                text23                         000016  0001DD  0001F3        2C       0  CODE        2
                cstackCOMMON                   000070  00000E  00007E        70       1  COMMON      1
                cstackBANK1                    0000A0  00004D  0000ED        A0       1  BANK1       1
                bssBANK3                       000190  000038  0001C8       190       1  BANK3       1
                text19                         0001F3  000288  00047B       3E6       0  CODE        2
                text17                         00047B  000361  0007DC       8F6       0  CODE        2
                cinit                          0007DC  000024  000800       FB8       0  CODE        2
                text32                         000801  00000C  00080D      1002       0  CODE        2
                text2                          00080D  000080  00088D      101A       0  CODE        2
                text16                         00088D  0000DA  000967      111A       0  CODE        2
                text5                          000967  0000E1  000A48      12CE       0  CODE        2
                text10                         000A48  000100  000B48      1490       0  CODE        2
                text7                          000B48  000102  000C4A      1690       0  CODE        2
                text13                         000C4A  00014C  000D96      1894       0  CODE        2
                text9                          000D96  00026A  001000      1B2C       0  CODE        2
                strings                        001000  0000BD  0010BD      2000       0  STRING      2
                text29                         001209  000004  00120D      2412       0  CODE        2
                clrtext                        00120D  000008  001215      241A       0  CODE        2
                text1                          001215  00000F  001224      242A       0  CODE        2
                text27                         001224  000010  001234      2448       0  CODE        2
                idataBANK3                     001234  000010  001244      2468       0  CODE        2
                text8                          001244  000020  001264      2488       0  CODE        2
                text28                         001264  000021  001285      24C8       0  CODE        2
                text25                         001285  000026  0012AB      250A       0  CODE        2
                text18                         0012AB  000027  0012D2      2556       0  CODE        2
                text30                         0012D2  00002A  0012FC      25A4       0  CODE        2
                text24                         0012FC  00002A  001326      25F8       0  CODE        2
                text3                          001326  000031  001357      264C       0  CODE        2
                text31                         001357  000036  00138D      26AE       0  CODE        2
                text26                         00138D  000036  0013C3      271A       0  CODE        2
                text11                         0013C3  00003A  0013FD      2786       0  CODE        2
                text12                         0013FD  000044  001441      27FA       0  CODE        2
                text6                          001441  000046  001487      2882       0  CODE        2
                text15                         001487  00004E  0014D5      290E       0  CODE        2
                text14                         0014D5  00005C  001531      29AA       0  CODE        2
                text4                          001531  00005D  00158E      2A62       0  CODE        2
                text22                         00158E  00007C  00160A      2B1C       0  CODE        2
                maintext                       00160A  00009A  0016A4      2C14       0  CODE        2
                text21                         0016A4  0000A2  001746      2D48       0  CODE        2
                text20                         001746  0000BA  001800      2E8C       0  CODE        2


UNUSED ADDRESS RANGES

        Name                Unused          Largest block    Delta
        BANK0            006F-006F              1           1
        BANK1            00ED-00EF              3           1
        BANK2            0110-016F             60           1
        BANK3            01C8-01EF             28           1
        CODE             0800-0800              1           2
                         10BD-1208            14C
                         1800-1FFF            800
        CONST            0800-0800              1           2
                         10BD-1208            100
                         1800-1FFF            100
        EEDATA           2100-21FF            100           2
        ENTRY            0800-0800              1           2
                         10BD-1208            100
                         1800-1FFF            100
        IDLOC            2000-2003              4           2
        RAM              006F-006F              1           1
                         00ED-00EF              3
                         0110-016F             60
                         01C8-01EF             28
        SFR0             0000-001F             20           1
        SFR1             0080-009F             20           1
        SFR2             0100-010F             10           1
        SFR3             0180-018F             10           1
        STRCODE          0800-0800              1           2
                         10BD-1208            14C
                         1800-1FFF            800
        STRING           0800-0800              1           2
                         10BD-1208            100
                         1800-1FFF            100

                                  Symbol Table

?_ConversionADC                   cstackCOMMON 0070
?__Umul8_16                       cstackCOMMON 0070
?___fladd                         cstackBANK0  0059
?___fldiv                         cstackBANK0  003F
?___flmul                         cstackBANK0  0025
?___fltol                         cstackBANK1  00B6
?___lwdiv                         cstackCOMMON 0070
?___lwmod                         cstackCOMMON 0078
?___xxtofl                        cstackCOMMON 0070
?_eval_poly                       cstackBANK1  00A0
?_frexp                           cstackBANK0  0020
?_log                             cstackBANK1  00B0
?_sprintf                         cstackBANK0  0020
?_strncmp                         cstackCOMMON 0070
ConversionADC@channel             cstackCOMMON 0070
LCD_Char@dat                      cstackCOMMON 0072
LCD_Command@cmd                   cstackCOMMON 0072
LCD_String@msg                    cstackCOMMON 0073
LCD_String_xy@location            cstackCOMMON 007A
LCD_String_xy@msg                 cstackCOMMON 0076
LCD_String_xy@pos                 cstackCOMMON 0075
LCD_String_xy@row                 cstackCOMMON 0079
LED_COLOR_ON@blue                 cstackCOMMON 0071
LED_COLOR_ON@green                cstackCOMMON 0070
LED_COLOR_ON@red                  cstackCOMMON 0072
_ADCON0bits                       (abs)        001F
_ADCON1bits                       (abs)        009F
_ADC_init                         text32       0801
_ADRESH                           (abs)        001E
_ADRESL                           (abs)        009E
_ANSEL                            (abs)        0188
_ANSELH                           (abs)        0189
_ConversionADC                    text28       1264
_Estado                           bssBANK0     006E
_LCD_Char                         text26       138D
_LCD_Clear                        text27       1224
_LCD_Command                      text31       1357
_LCD_Init                         text30       12D2
_LCD_String                       text25       1285
_LCD_String_xy                    text24       12FC
_LED_COLOR_ON                     text8        1244
_LED_INIT                         text29       1209
_OPTION_REGbits                   (abs)        0081
_OSCCON                           (abs)        008F
_PORTB                            (abs)        0006
_PORTD                            (abs)        0008
_RC0                              (abs)        0038
_RC1                              (abs)        0039
_RC2                              (abs)        003A
_RD0                              (abs)        0040
_RD1                              (abs)        0041
_RE0                              (abs)        0048
_RE1                              (abs)        0049
_RE2                              (abs)        004A
_TRISA                            (abs)        0085
_TRISB                            (abs)        0086
_TRISC                            (abs)        0087
_TRISD                            (abs)        0088
_TRISE                            (abs)        0089
__Habs1                           abs1         0000
__Hbank0                          bank0        0000
__Hbank1                          bank1        0000
__Hbank2                          bank2        0000
__Hbank3                          bank3        0000
__HbssBANK0                       bssBANK0     0000
__HbssBANK1                       bssBANK1     0000
__HbssBANK3                       bssBANK3     0000
__Hcinit                          cinit        0800
__Hclrtext                        clrtext      0000
__Hcode                           code         0000
__Hcommon                         common       0000
__Hconfig                         config       2009
__HcstackBANK0                    cstackBANK0  0000
__HcstackBANK1                    cstackBANK1  0000
__HcstackCOMMON                   cstackCOMMON 0000
__HdataBANK3                      dataBANK3    0000
__Heeprom_data                    eeprom_data  0000
__Hend_init                       end_init     0003
__Hfunctab                        functab      0000
__HidataBANK3                     idataBANK3   0000
__Hinit                           init         0000
__Hinittext                       inittext     0000
__Hintentry                       intentry     0000
__Hmaintext                       maintext     0000
__Hpowerup                        powerup      0000
__Hram                            ram          0000
__Hreset_vec                      reset_vec    0000
__Hsfr0                           sfr0         0000
__Hsfr1                           sfr1         0000
__Hsfr2                           sfr2         0000
__Hsfr3                           sfr3         0000
__Hspace_0                        (abs)        1800
__Hspace_1                        (abs)        01C8
__Hspace_2                        (abs)        0000
__Hspace_3                        (abs)        0000
__Hspace_4                        (abs)        4010
__Hstack                          stack        0000
__Hstrings                        strings      0000
__Htext                           text         0000
__Labs1                           abs1         0000
__Lbank0                          bank0        0000
__Lbank1                          bank1        0000
__Lbank2                          bank2        0000
__Lbank3                          bank3        0000
__LbssBANK0                       bssBANK0     0000
__LbssBANK1                       bssBANK1     0000
__LbssBANK3                       bssBANK3     0000
__Lcinit                          cinit        07DC
__Lclrtext                        clrtext      0000
__Lcode                           code         0000
__Lcommon                         common       0000
__Lconfig                         config       0000
__LcstackBANK0                    cstackBANK0  0000
__LcstackBANK1                    cstackBANK1  0000
__LcstackCOMMON                   cstackCOMMON 0000
__LdataBANK3                      dataBANK3    0000
__Leeprom_data                    eeprom_data  0000
__Lend_init                       end_init     0000
__Lfunctab                        functab      0000
__LidataBANK3                     idataBANK3   0000
__Linit                           init         0000
__Linittext                       inittext     0000
__Lintentry                       intentry     0000
__Lmaintext                       maintext     0000
__Lpowerup                        powerup      0000
__Lram                            ram          0000
__Lreset_vec                      reset_vec    0000
__Lsfr0                           sfr0         0000
__Lsfr1                           sfr1         0000
__Lsfr2                           sfr2         0000
__Lsfr3                           sfr3         0000
__Lspace_0                        (abs)        0000
__Lspace_1                        (abs)        0000
__Lspace_2                        (abs)        0000
__Lspace_3                        (abs)        0000
__Lspace_4                        (abs)        0000
__Lstack                          stack        0000
__Lstrings                        strings      0000
__Ltext                           text         0000
__S0                              (abs)        1800
__S1                              (abs)        01C8
__S3                              (abs)        0000
__Umul8_16                        text18       12AB
__Umul8_16@multiplicand           cstackCOMMON 0070
__Umul8_16@multiplier             cstackCOMMON 0078
__Umul8_16@product                cstackCOMMON 0074
__Umul8_16@word_mpld              cstackCOMMON 0076
___fladd                          text19       01F3
___fladd@a                        cstackBANK0  005D
___fladd@aexp                     cstackBANK0  006A
___fladd@b                        cstackBANK0  0059
___fladd@bexp                     cstackBANK0  006B
___fladd@grs                      cstackBANK0  006C
___fladd@signs                    cstackBANK0  0069
___fldiv                          text23       0016
___fldiv@a                        cstackBANK0  003F
___fldiv@aexp                     cstackBANK0  0058
___fldiv@b                        cstackBANK0  0043
___fldiv@bexp                     cstackBANK0  0057
___fldiv@grs                      cstackBANK0  0053
___fldiv@new_exp                  cstackBANK0  0051
___fldiv@rem                      cstackBANK0  004C
___fldiv@sign                     cstackBANK0  0050
___fleq                           text15       1487
___fleq@ff1                       cstackCOMMON 0070
___fleq@ff2                       cstackCOMMON 0074
___flge                           text21       16A4
___flge@ff1                       cstackCOMMON 0070
___flge@ff2                       cstackCOMMON 0074
___flmul                          text17       047B
___flmul@a                        cstackBANK0  0029
___flmul@aexp                     cstackBANK0  0037
___flmul@b                        cstackBANK0  0025
___flmul@bexp                     cstackBANK0  0038
___flmul@grs                      cstackBANK0  0033
___flmul@prod                     cstackBANK0  0039
___flmul@sign                     cstackBANK0  0032
___flmul@temp                     cstackBANK0  003D
___fltol                          text22       158E
___fltol@exp1                     cstackBANK1  00C0
___fltol@f1                       cstackBANK1  00B6
___fltol@sign1                    cstackBANK1  00BF
___int_sp                         stack        0000
___latbits                        (abs)        0002
___lwdiv                          text12       13FD
___lwdiv@counter                  cstackCOMMON 0077
___lwdiv@dividend                 cstackCOMMON 0072
___lwdiv@divisor                  cstackCOMMON 0070
___lwdiv@quotient                 cstackCOMMON 0075
___lwmod                          text11       13C3
___lwmod@counter                  cstackCOMMON 007D
___lwmod@dividend                 cstackCOMMON 007A
___lwmod@divisor                  cstackCOMMON 0078
___sp                             stack        0000
___stackhi                        (abs)        0000
___stacklo                        (abs)        0000
___xxtofl                         text20       1746
___xxtofl@arg                     cstackCOMMON 007A
___xxtofl@exp                     cstackCOMMON 0079
___xxtofl@sign                    cstackCOMMON 0078
___xxtofl@val                     cstackCOMMON 0070
__end_of_ADC_init                 text32       080D
__end_of_ConversionADC            text28       1285
__end_of_LCD_Char                 text26       13C3
__end_of_LCD_Clear                text27       1234
__end_of_LCD_Command              text31       138D
__end_of_LCD_Init                 text30       12FC
__end_of_LCD_String               text25       12AB
__end_of_LCD_String_xy            text24       1326
__end_of_LED_COLOR_ON             text8        1264
__end_of_LED_INIT                 text29       120D
__end_of__Umul8_16                text18       12D2
__end_of___fladd                  text19       047B
__end_of___fldiv                  text23       01F3
__end_of___fleq                   text15       14D5
__end_of___flge                   text21       1746
__end_of___flmul                  text17       07DC
__end_of___fltol                  text22       160A
__end_of___lwdiv                  text12       1441
__end_of___lwmod                  text11       13FD
__end_of___xxtofl                 text20       1800
__end_of__initialization          cinit        07FC
__end_of__stringtab               strings      1010
__end_of_dpowers                  strings      101A
__end_of_eval_poly                text16       0967
__end_of_frexp                    text14       1531
__end_of_function_ambiental       text9        1000
__end_of_function_clave_Seguridad text5        0A48
__end_of_function_eAlarma         text4        158E
__end_of_function_eBloqueado      text3        1357
__end_of_function_eMonitoreo      text2        088D
__end_of_keypad_getkey            text7        0C4A
__end_of_keypad_init              text1        1224
__end_of_log                      text13       0D96
__end_of_main                     maintext     16A4
__end_of_password                 strings      1044
__end_of_sprintf                  text10       0B48
__end_of_strncmp                  text6        1487
__end_oflog@coeff                 strings      103E
__initialization                  cinit        07DC
__pbssBANK0                       bssBANK0     006E
__pbssBANK1                       bssBANK1     00DD
__pbssBANK3                       bssBANK3     0190
__pcstackBANK0                    cstackBANK0  0020
__pcstackBANK1                    cstackBANK1  00A0
__pcstackCOMMON                   cstackCOMMON 0070
__pdataBANK3                      dataBANK3    01B8
__pidataBANK3                     idataBANK3   1234
__pmaintext                       maintext     160A
__pstrings                        strings      1000
__ptext1                          text1        1215
__ptext10                         text10       0A48
__ptext11                         text11       13C3
__ptext12                         text12       13FD
__ptext13                         text13       0C4A
__ptext14                         text14       14D5
__ptext15                         text15       1487
__ptext16                         text16       088D
__ptext17                         text17       047B
__ptext18                         text18       12AB
__ptext19                         text19       01F3
__ptext2                          text2        080D
__ptext20                         text20       1746
__ptext21                         text21       16A4
__ptext22                         text22       158E
__ptext23                         text23       0016
__ptext24                         text24       12FC
__ptext25                         text25       1285
__ptext26                         text26       138D
__ptext27                         text27       1224
__ptext28                         text28       1264
__ptext29                         text29       1209
__ptext3                          text3        1326
__ptext30                         text30       12D2
__ptext31                         text31       1357
__ptext32                         text32       0801
__ptext4                          text4        1531
__ptext5                          text5        0967
__ptext6                          text6        1441
__ptext7                          text7        0B48
__ptext8                          text8        1244
__ptext9                          text9        0D96
__stringbase                      strings      100F
__stringtab                       strings      1000
_buffer                           bssBANK3     01A1
_dpowers                          strings      1010
_errno                            bssBANK1     00DD
_eval_poly                        text16       088D
_frexp                            text14       14D5
_function_ambiental               text9        0D96
_function_ambiental$1028          cstackBANK1  00C8
_function_ambiental$1029          cstackBANK1  00CC
_function_ambiental$1030          cstackBANK1  00D0
_function_ambiental$1031          cstackBANK1  00D4
_function_clave_Seguridad         text5        0967
_function_eAlarma                 text4        1531
_function_eBloqueado              text3        1326
_function_eMonitoreo              text2        080D
_idx                              bssBANK1     00EC
_intent                           bssBANK1     00E6
_intent2                          bssBANK1     00E5
_intentos                         bssBANK1     00E7
_keypad_getkey                    text7        0B48
_keypad_init                      text1        1215
_log                              text13       0C4A
_main                             maintext     160A
_pass_user                        bssBANK3     01B2
_password                         strings      103E
_sprintf                          text10       0A48
_strncmp                          text6        1441
_var_sensor_Gas                   bssBANK1     00DF
_var_sensor_Photo                 bssBANK1     00E1
_var_sensor_Temp                  bssBANK1     00E3
_var_sensor_hall                  bssBANK1     00E9
_var_sensor_ir                    bssBANK1     00EA
_var_sensor_metal                 bssBANK1     00E8
btemp                             (abs)        007E
clear_ram0                        clrtext      120D
end_of_initialization             cinit        07FC
eval_poly@d                       cstackBANK1  00A4
eval_poly@n                       cstackBANK1  00A5
eval_poly@res                     cstackBANK1  00AC
eval_poly@x                       cstackBANK1  00A0
frexp@eptr                        cstackBANK0  0024
frexp@value                       cstackBANK0  0020
function_ambiental@a              cstackBANK1  00C4
function_ambiental@tempC          cstackBANK1  00D8
function_clave_Seguridad@key      cstackBANK0  0033
function_eAlarma@i                cstackBANK0  0020
init_fetch0                       inittext     0003
init_ram0                         inittext     0007
intlevel0                         functab      0000
intlevel1                         functab      0000
intlevel2                         functab      0000
intlevel3                         functab      0000
intlevel4                         functab      0000
intlevel5                         functab      0000
keypad_getkey@F1268               dataBANK3    01B8
keypad_getkey@i                   cstackBANK0  0031
keypad_getkey@letras              cstackBANK0  0020
keypad_getkey@valor               cstackBANK0  0030
log@coeff                         strings      101A
log@exponent                      cstackBANK1  00B4
log@x                             cstackBANK1  00B0
reset_vec                         reset_vec    0000
sprintf@ap                        cstackBANK0  002A
sprintf@c                         cstackBANK0  0032
sprintf@ccnt                      cstackBANK0  002C
sprintf@f                         cstackBANK0  0020
sprintf@flag                      cstackBANK0  002B
sprintf@prec                      cstackBANK0  002E
sprintf@sp                        cstackBANK0  0031
sprintf@val                       cstackBANK0  002F
start                             init         0000
start_initialization              cinit        07DC
strncmp@len                       cstackCOMMON 0071
strncmp@s1                        cstackCOMMON 0075
strncmp@s2                        cstackCOMMON 0070
wtemp0                            (abs)        007E


MODULE INFORMATION

Module		Function		Class		Link	Load	Size
C:\Program Files\Microchip\xc8\v2.36\pic\sources\c90\common\doprnt.c
		_sprintf       		CODE           	0A48	0000	256

C:\Program Files\Microchip\xc8\v2.36\pic\sources\c90\common\doprnt.c estimated size: 256

C:\Program Files\Microchip\xc8\v2.36\pic\sources\c90\common\lwmod.c
		___lwmod       		CODE           	13C3	0000	58

C:\Program Files\Microchip\xc8\v2.36\pic\sources\c90\common\lwmod.c estimated size: 58

keypad.c
		_keypad_init   		CODE           	1215	0000	15
		_keypad_getkey 		CODE           	0B48	0000	258

keypad.c estimated size: 273

LedsSalida.c
		_LED_INIT      		CODE           	1209	0000	4
		_LED_COLOR_ON  		CODE           	1244	0000	32

LedsSalida.c estimated size: 36

C:\Program Files\Microchip\xc8\v2.36\pic\sources\c90\common\frexp.c
		_frexp         		CODE           	14D5	0000	92

C:\Program Files\Microchip\xc8\v2.36\pic\sources\c90\common\frexp.c estimated size: 92

C:\Program Files\Microchip\xc8\v2.36\pic\sources\c90\common\fleq.c
		___fleq        		CODE           	1487	0000	78

C:\Program Files\Microchip\xc8\v2.36\pic\sources\c90\common\fleq.c estimated size: 78

C:\Program Files\Microchip\xc8\v2.36\pic\sources\c90\common\strncmp.c
		_strncmp       		CODE           	1441	0000	70

C:\Program Files\Microchip\xc8\v2.36\pic\sources\c90\common\strncmp.c estimated size: 70

C:\Program Files\Microchip\xc8\v2.36\pic\sources\c90\common\lwdiv.c
		___lwdiv       		CODE           	13FD	0000	68

C:\Program Files\Microchip\xc8\v2.36\pic\sources\c90\common\lwdiv.c estimated size: 68

C:\Program Files\Microchip\xc8\v2.36\pic\sources\c90\common\sprcmul.c
		___flmul       		CODE           	047B	0000	865

C:\Program Files\Microchip\xc8\v2.36\pic\sources\c90\common\sprcmul.c estimated size: 865

C:\Program Files\Microchip\xc8\v2.36\pic\sources\c90\common\fltol.c
		___fltol       		CODE           	158E	0000	124

C:\Program Files\Microchip\xc8\v2.36\pic\sources\c90\common\fltol.c estimated size: 124

C:\Program Files\Microchip\xc8\v2.36\pic\sources\c90\common\sprcdiv.c
		___fldiv       		CODE           	0016	0000	477

C:\Program Files\Microchip\xc8\v2.36\pic\sources\c90\common\sprcdiv.c estimated size: 477

Main_Seguridad.c
		_main          		CODE           	160A	0000	154
		_function_eAlarma		CODE           	1531	0000	93
		_function_eBloqueado		CODE           	1326	0000	49
		_function_clave_Seguridad		CODE           	0967	0000	225
		_function_eMonitoreo		CODE           	080D	0000	128
		_function_ambiental		CODE           	0D96	0000	618

Main_Seguridad.c estimated size: 1267

shared
		__stringtab    		STRING         	1000	0000	16
		_dpowers       		STRING         	1010	0000	10
		_password      		STRING         	103E	0000	6
		__initialization		CODE           	07DC	0000	32
		log@coeff      		STRING         	101A	0000	36

shared estimated size: 100

ADC.c
		_ADC_init      		CODE           	0801	0000	12
		_ConversionADC 		CODE           	1264	0000	33

ADC.c estimated size: 45

C:\Program Files\Microchip\xc8\v2.36\pic\sources\c90\common\evalpoly.c
		_eval_poly     		CODE           	088D	0000	218

C:\Program Files\Microchip\xc8\v2.36\pic\sources\c90\common\evalpoly.c estimated size: 218

C:\Program Files\Microchip\xc8\v2.36\pic\sources\c90\common\xxtofl.c
		___xxtofl      		CODE           	1746	0000	186

C:\Program Files\Microchip\xc8\v2.36\pic\sources\c90\common\xxtofl.c estimated size: 186

lcd.c
		_LCD_String    		CODE           	1285	0000	38
		_LCD_Init      		CODE           	12D2	0000	42
		_LCD_Command   		CODE           	1357	0000	54
		_LCD_String_xy 		CODE           	12FC	0000	42
		_LCD_Char      		CODE           	138D	0000	54
		_LCD_Clear     		CODE           	1224	0000	16

lcd.c estimated size: 246

C:\Program Files\Microchip\xc8\v2.36\pic\sources\c90\common\sprcadd.c
		___fladd       		CODE           	01F3	0000	648

C:\Program Files\Microchip\xc8\v2.36\pic\sources\c90\common\sprcadd.c estimated size: 648

C:\Program Files\Microchip\xc8\v2.36\pic\sources\c90\common\flge.c
		___flge        		CODE           	16A4	0000	162

C:\Program Files\Microchip\xc8\v2.36\pic\sources\c90\common\flge.c estimated size: 162

C:\Program Files\Microchip\xc8\v2.36\pic\sources\c90\common\log.c
		_log           		CODE           	0C4A	0000	332

C:\Program Files\Microchip\xc8\v2.36\pic\sources\c90\common\log.c estimated size: 332

C:\Program Files\Microchip\xc8\v2.36\pic\sources\c90\common\Umul8_16.c
		__Umul8_16     		CODE           	12AB	0000	39

C:\Program Files\Microchip\xc8\v2.36\pic\sources\c90\common\Umul8_16.c estimated size: 39

