MPLINK 5.09, LINKER
Linker Map File - Created Fri Sep 08 20:50:21 2023

                                 Section Info
                  Section       Type    Address   Location Size(Bytes)
                ---------  ---------  ---------  ---------  ---------
                   .org_0       code   0x000000    program   0x00005a
                   .cinit    romdata   0x00002d    program   0x000004
.config_2007_BUILD/DEFAULT/PRODUCTION/LEDRGB.       code   0x002007    program   0x000002
.config_2008_BUILD/DEFAULT/PRODUCTION/LEDRGB.       code   0x002008    program   0x000002



                              Program Memory Usage 
                               Start         End      
                           ---------   ---------      
                            0x000000    0x00002e      
                            0x002007    0x002008      
            49 out of 8455 program addresses used, program memory utilization is 0%



                              Symbols - Sorted by Name
                     Name    Address   Location    Storage File                     
                ---------  ---------  ---------  --------- ---------                
                 ARRANQUE   0x00000c    program     static C:\Users\Compumax\MPLABXProjects\LEDRGB.X\LEDRGB.asm
                  FINALIF   0x00001f    program     static C:\Users\Compumax\MPLABXProjects\LEDRGB.X\LEDRGB.asm
            INCREMENTADOR   0x00000f    program     static C:\Users\Compumax\MPLABXProjects\LEDRGB.X\LEDRGB.asm
                   INICIO   0x000001    program     static C:\Users\Compumax\MPLABXProjects\LEDRGB.X\LEDRGB.asm
                 PRIMERIF   0x000011    program     static C:\Users\Compumax\MPLABXProjects\LEDRGB.X\LEDRGB.asm
                    REP_1   0x000026    program     static C:\Users\Compumax\MPLABXProjects\LEDRGB.X\LEDRGB.asm
                    REP_2   0x000028    program     static C:\Users\Compumax\MPLABXProjects\LEDRGB.X\LEDRGB.asm
                  RETARDO   0x000024    program     static C:\Users\Compumax\MPLABXProjects\LEDRGB.X\LEDRGB.asm
                SEGUNDOIF   0x00001a    program     static C:\Users\Compumax\MPLABXProjects\LEDRGB.X\LEDRGB.asm



                              Symbols - Sorted by Address
                     Name    Address   Location    Storage File                     
                ---------  ---------  ---------  --------- ---------                
                   INICIO   0x000001    program     static C:\Users\Compumax\MPLABXProjects\LEDRGB.X\LEDRGB.asm
                 ARRANQUE   0x00000c    program     static C:\Users\Compumax\MPLABXProjects\LEDRGB.X\LEDRGB.asm
            INCREMENTADOR   0x00000f    program     static C:\Users\Compumax\MPLABXProjects\LEDRGB.X\LEDRGB.asm
                 PRIMERIF   0x000011    program     static C:\Users\Compumax\MPLABXProjects\LEDRGB.X\LEDRGB.asm
                SEGUNDOIF   0x00001a    program     static C:\Users\Compumax\MPLABXProjects\LEDRGB.X\LEDRGB.asm
                  FINALIF   0x00001f    program     static C:\Users\Compumax\MPLABXProjects\LEDRGB.X\LEDRGB.asm
                  RETARDO   0x000024    program     static C:\Users\Compumax\MPLABXProjects\LEDRGB.X\LEDRGB.asm
                    REP_1   0x000026    program     static C:\Users\Compumax\MPLABXProjects\LEDRGB.X\LEDRGB.asm
                    REP_2   0x000028    program     static C:\Users\Compumax\MPLABXProjects\LEDRGB.X\LEDRGB.asm


