MPLINK 5.09, LINKER
Linker Map File - Created Thu Sep 07 20:43:44 2023

                                 Section Info
                  Section       Type    Address   Location Size(Bytes)
                ---------  ---------  ---------  ---------  ---------
                   .org_0       code   0x000000    program   0x00005e
                   .cinit    romdata   0x00002f    program   0x000004
.config_2007_BUILD/DEFAULT/PRODUCTION/NEWASMT       code   0x002007    program   0x000002
.config_2008_BUILD/DEFAULT/PRODUCTION/NEWASMT       code   0x002008    program   0x000002



                              Program Memory Usage 
                               Start         End      
                           ---------   ---------      
                            0x000000    0x000030      
                            0x002007    0x002008      
            51 out of 8455 program addresses used, program memory utilization is 0%



                              Symbols - Sorted by Name
                     Name    Address   Location    Storage File                     
                ---------  ---------  ---------  --------- ---------                
                 ARRANQUE   0x00000e    program     static C:\Users\Compumax\MPLABXProjects\Secuencia2.X\newAsmTemplate.asm
                   INICIO   0x000001    program     static C:\Users\Compumax\MPLABXProjects\Secuencia2.X\newAsmTemplate.asm
                PASAUNBIT   0x000015    program     static C:\Users\Compumax\MPLABXProjects\Secuencia2.X\newAsmTemplate.asm
                PASOFINAL   0x00001e    program     static C:\Users\Compumax\MPLABXProjects\Secuencia2.X\newAsmTemplate.asm
                    REP_1   0x000028    program     static C:\Users\Compumax\MPLABXProjects\Secuencia2.X\newAsmTemplate.asm
                    REP_2   0x00002a    program     static C:\Users\Compumax\MPLABXProjects\Secuencia2.X\newAsmTemplate.asm
                  RETARDO   0x000026    program     static C:\Users\Compumax\MPLABXProjects\Secuencia2.X\newAsmTemplate.asm



                              Symbols - Sorted by Address
                     Name    Address   Location    Storage File                     
                ---------  ---------  ---------  --------- ---------                
                   INICIO   0x000001    program     static C:\Users\Compumax\MPLABXProjects\Secuencia2.X\newAsmTemplate.asm
                 ARRANQUE   0x00000e    program     static C:\Users\Compumax\MPLABXProjects\Secuencia2.X\newAsmTemplate.asm
                PASAUNBIT   0x000015    program     static C:\Users\Compumax\MPLABXProjects\Secuencia2.X\newAsmTemplate.asm
                PASOFINAL   0x00001e    program     static C:\Users\Compumax\MPLABXProjects\Secuencia2.X\newAsmTemplate.asm
                  RETARDO   0x000026    program     static C:\Users\Compumax\MPLABXProjects\Secuencia2.X\newAsmTemplate.asm
                    REP_1   0x000028    program     static C:\Users\Compumax\MPLABXProjects\Secuencia2.X\newAsmTemplate.asm
                    REP_2   0x00002a    program     static C:\Users\Compumax\MPLABXProjects\Secuencia2.X\newAsmTemplate.asm


